{"L":"INFO","T":"2026-03-21T12:24:40.738+0300","C":"shortener/main.go:37","M":"Starting server at localhost:8080"}
{"L":"INFO","T":"2026-03-21T12:24:54.977+0300","C":"shortener/main.go:37","M":"Starting server at localhost:8080"}
{"L":"INFO","T":"2026-03-21T12:32:48.214+0300","C":"shortener/main.go:37","M":"Starting server at localhost:8080"}
{"L":"INFO","T":"2026-03-21T12:35:50.098+0300","C":"shortener/main.go:37","M":"Starting server at localhost:8080"}
{"L":"ERROR","T":"2026-03-21T12:39:53.173+0300","C":"data/uploader.go:49","M":"file test.json not found","S":"github.com/artni96/url-shortener/data.UploadFileData.func1\n\t/Users/artni/Documents/Dev/url-shortener/data/uploader.go:49\ngithub.com/artni96/url-shortener/data.UploadFileData\n\t/Users/artni/Documents/Dev/url-shortener/data/uploader.go:57\nmain.run\n\t/Users/artni/Documents/Dev/url-shortener/cmd/shortener/main.go:33\nmain.main\n\t/Users/artni/Documents/Dev/url-shortener/cmd/shortener/main.go:19\nruntime.main\n\t/Users/artni/go/pkg/mod/golang.org/toolchain@v0.0.1-go1.26.1.darwin-arm64/src/runtime/proc.go:290"}
{"L":"ERROR","T":"2026-03-21T12:41:30.918+0300","C":"data/uploader.go:51","M":"file test.json not found","S":"github.com/artni96/url-shortener/data.UploadFileData\n\t/Users/artni/Documents/Dev/url-shortener/data/uploader.go:51\nmain.run\n\t/Users/artni/Documents/Dev/url-shortener/cmd/shortener/main.go:33\nmain.main\n\t/Users/artni/Documents/Dev/url-shortener/cmd/shortener/main.go:19\nruntime.main\n\t/Users/artni/go/pkg/mod/golang.org/toolchain@v0.0.1-go1.26.1.darwin-arm64/src/runtime/proc.go:290"}
{"L":"ERROR","T":"2026-03-21T12:42:55.203+0300","C":"data/uploader.go:51","M":"file test.json not found","S":"github.com/artni96/url-shortener/data.UploadFileData\n\t/Users/artni/Documents/Dev/url-shortener/data/uploader.go:51\nmain.run\n\t/Users/artni/Documents/Dev/url-shortener/cmd/shortener/main.go:33\nmain.main\n\t/Users/artni/Documents/Dev/url-shortener/cmd/shortener/main.go:19\nruntime.main\n\t/Users/artni/go/pkg/mod/golang.org/toolchain@v0.0.1-go1.26.1.darwin-arm64/src/runtime/proc.go:290"}
{"L":"ERROR","T":"2026-03-21T12:43:49.080+0300","C":"data/uploader.go:51","M":"file test.json not found","S":"github.com/artni96/url-shortener/data.UploadFileData\n\t/Users/artni/Documents/Dev/url-shortener/data/uploader.go:51\nmain.run\n\t/Users/artni/Documents/Dev/url-shortener/cmd/shortener/main.go:33\nmain.main\n\t/Users/artni/Documents/Dev/url-shortener/cmd/shortener/main.go:19\nruntime.main\n\t/Users/artni/go/pkg/mod/golang.org/toolchain@v0.0.1-go1.26.1.darwin-arm64/src/runtime/proc.go:290"}
{"L":"FATAL","T":"2026-03-21T12:44:43.360+0300","C":"data/uploader.go:51","M":"file test.json not found","S":"github.com/artni96/url-shortener/data.UploadFileData\n\t/Users/artni/Documents/Dev/url-shortener/data/uploader.go:51\nmain.run\n\t/Users/artni/Documents/Dev/url-shortener/cmd/shortener/main.go:33\nmain.main\n\t/Users/artni/Documents/Dev/url-shortener/cmd/shortener/main.go:19\nruntime.main\n\t/Users/artni/go/pkg/mod/golang.org/toolchain@v0.0.1-go1.26.1.darwin-arm64/src/runtime/proc.go:290"}
{"L":"INFO","T":"2026-03-21T12:45:37.076+0300","C":"shortener/main.go:37","M":"Starting server at localhost:8080"}
{"L":"INFO","T":"2026-03-21T12:48:56.113+0300","C":"shortener/main.go:37","M":"Starting server at localhost:8080"}
{"L":"INFO","T":"2026-03-21T12:48:58.724+0300","C":"logger/logger.go:81","M":"uri /BT0rpmgPi9 method GET duration 172.042µs response_status 307 response_size 23"}
{"L":"INFO","T":"2026-03-23T17:50:06.708+0300","C":"shortener/main.go:39","M":"Starting server","server address":"localhost:8080"}
{"L":"INFO","T":"2026-03-23T19:41:45.808+0300","C":"shortener/main.go:39","M":"Starting server","server address":"localhost:8080"}
{"L":"INFO","T":"2026-03-23T19:42:03.392+0300","C":"logger/logger.go:80","M":"Request done","URI":"/8aKNkHKSg2","method":"GET","duration":187084,"response_status":307,"response_size":23}
{"L":"INFO","T":"2026-03-23T19:45:50.319+0300","C":"shortener/main.go:39","M":"Starting server","server address":"localhost:8080"}
{"L":"INFO","T":"2026-03-23T19:48:54.063+0300","C":"shortener/main.go:39","M":"Starting server","server address":"localhost:8080"}
{"L":"INFO","T":"2026-03-23T19:49:20.811+0300","C":"shortener/main.go:39","M":"Starting server","server address":"localhost:8080"}
{"L":"INFO","T":"2026-03-23T19:49:36.824+0300","C":"logger/logger.go:80","M":"Request done","URI":"/8aKNkHKSg2","method":"GET","duration":284959,"response_status":400,"response_size":37}
{"L":"INFO","T":"2026-03-23T19:49:50.390+0300","C":"logger/logger.go:80","M":"Request done","URI":"/api/shorten","method":"POST","duration":1470917,"response_status":201,"response_size":69}
{"L":"INFO","T":"2026-03-23T22:53:32.282+0300","C":"shortener/main.go:39","M":"Starting server","server address":"localhost:8080"}
{"L":"INFO","T":"2026-03-24T00:57:41.531+0300","C":"shortener/main.go:34","M":"Starting server","server address":"localhost:8080"}
{"L":"INFO","T":"2026-03-24T00:57:55.198+0300","C":"logger/logger.go:80","M":"Request done","URI":"/BT0rpmgPi9","method":"GET","duration":105458,"response_status":400,"response_size":37}
{"L":"INFO","T":"2026-03-24T00:58:40.527+0300","C":"shortener/main.go:34","M":"Starting server","server address":"localhost:8080"}
{"L":"INFO","T":"2026-03-24T00:58:53.232+0300","C":"logger/logger.go:80","M":"Request done","URI":"/BT0rpmgPi9","method":"GET","duration":484666,"response_status":307,"response_size":23}
{"L":"ERROR","T":"2026-03-24T01:53:49.808+0300","C":"repository/urls.go:169","M":"could not initialize NewFileScanner","error":"open : no such file or directory","S":"github.com/artni96/url-shortener/internal/repository.(*LocalURLRepository).uploadLocalStorage\n\t/Users/artni/Documents/Dev/url-shortener/internal/repository/urls.go:169\ngithub.com/artni96/url-shortener/internal/repository.NewURLRepository\n\t/Users/artni/Documents/Dev/url-shortener/internal/repository/urls.go:194\nmain.run\n\t/Users/artni/Documents/Dev/url-shortener/cmd/shortener/main.go:30\nmain.main\n\t/Users/artni/Documents/Dev/url-shortener/cmd/shortener/main.go:20\nruntime.main\n\t/Users/artni/go/pkg/mod/golang.org/toolchain@v0.0.1-go1.26.1.darwin-arm64/src/runtime/proc.go:290"}
{"L":"ERROR","T":"2026-03-24T01:53:58.666+0300","C":"repository/urls.go:169","M":"could not initialize NewFileScanner","error":"open : no such file or directory","S":"github.com/artni96/url-shortener/internal/repository.(*LocalURLRepository).uploadLocalStorage\n\t/Users/artni/Documents/Dev/url-shortener/internal/repository/urls.go:169\ngithub.com/artni96/url-shortener/internal/repository.NewURLRepository\n\t/Users/artni/Documents/Dev/url-shortener/internal/repository/urls.go:194\nmain.run\n\t/Users/artni/Documents/Dev/url-shortener/cmd/shortener/main.go:30\nmain.main\n\t/Users/artni/Documents/Dev/url-shortener/cmd/shortener/main.go:20\nruntime.main\n\t/Users/artni/go/pkg/mod/golang.org/toolchain@v0.0.1-go1.26.1.darwin-arm64/src/runtime/proc.go:290"}
{"L":"ERROR","T":"2026-03-24T01:54:37.364+0300","C":"repository/urls.go:169","M":"could not initialize NewFileScanner","error":"open : no such file or directory","S":"github.com/artni96/url-shortener/internal/repository.(*LocalURLRepository).uploadLocalStorage\n\t/Users/artni/Documents/Dev/url-shortener/internal/repository/urls.go:169\ngithub.com/artni96/url-shortener/internal/repository.NewURLRepository\n\t/Users/artni/Documents/Dev/url-shortener/internal/repository/urls.go:194\nmain.run\n\t/Users/artni/Documents/Dev/url-shortener/cmd/shortener/main.go:30\nmain.main\n\t/Users/artni/Documents/Dev/url-shortener/cmd/shortener/main.go:20\nruntime.main\n\t/Users/artni/go/pkg/mod/golang.org/toolchain@v0.0.1-go1.26.1.darwin-arm64/src/runtime/proc.go:290"}
{"L":"ERROR","T":"2026-03-24T01:55:03.118+0300","C":"repository/urls.go:169","M":"could not initialize NewFileScanner","error":"open : no such file or directory","S":"github.com/artni96/url-shortener/internal/repository.(*LocalURLRepository).uploadLocalStorage\n\t/Users/artni/Documents/Dev/url-shortener/internal/repository/urls.go:169\ngithub.com/artni96/url-shortener/internal/repository.NewURLRepository\n\t/Users/artni/Documents/Dev/url-shortener/internal/repository/urls.go:194\nmain.run\n\t/Users/artni/Documents/Dev/url-shortener/cmd/shortener/main.go:30\nmain.main\n\t/Users/artni/Documents/Dev/url-shortener/cmd/shortener/main.go:20\nruntime.main\n\t/Users/artni/go/pkg/mod/golang.org/toolchain@v0.0.1-go1.26.1.darwin-arm64/src/runtime/proc.go:290"}
{"L":"ERROR","T":"2026-03-24T01:56:15.990+0300","C":"repository/urls.go:169","M":"could not initialize NewFileScanner","error":"open : no such file or directory","S":"github.com/artni96/url-shortener/internal/repository.(*LocalURLRepository).uploadLocalStorage\n\t/Users/artni/Documents/Dev/url-shortener/internal/repository/urls.go:169\ngithub.com/artni96/url-shortener/internal/repository.NewURLRepository\n\t/Users/artni/Documents/Dev/url-shortener/internal/repository/urls.go:194\nmain.run\n\t/Users/artni/Documents/Dev/url-shortener/cmd/shortener/main.go:30\nmain.main\n\t/Users/artni/Documents/Dev/url-shortener/cmd/shortener/main.go:20\nruntime.main\n\t/Users/artni/go/pkg/mod/golang.org/toolchain@v0.0.1-go1.26.1.darwin-arm64/src/runtime/proc.go:290"}
{"L":"ERROR","T":"2026-03-24T01:57:14.933+0300","C":"repository/urls.go:169","M":"could not initialize NewFileScanner","error":"open : no such file or directory","S":"github.com/artni96/url-shortener/internal/repository.(*LocalURLRepository).uploadLocalStorage\n\t/Users/artni/Documents/Dev/url-shortener/internal/repository/urls.go:169\ngithub.com/artni96/url-shortener/internal/repository.NewURLRepository\n\t/Users/artni/Documents/Dev/url-shortener/internal/repository/urls.go:194\nmain.run\n\t/Users/artni/Documents/Dev/url-shortener/cmd/shortener/main.go:30\nmain.main\n\t/Users/artni/Documents/Dev/url-shortener/cmd/shortener/main.go:20\nruntime.main\n\t/Users/artni/go/pkg/mod/golang.org/toolchain@v0.0.1-go1.26.1.darwin-arm64/src/runtime/proc.go:290"}
{"L":"INFO","T":"2026-03-24T01:57:48.069+0300","C":"shortener/main.go:37","M":"Starting server","server address":"localhost:8080"}
{"L":"INFO","T":"2026-03-24T01:58:40.342+0300","C":"shortener/main.go:37","M":"Starting server","server address":"localhost:8080"}
{"L":"INFO","T":"2026-03-24T01:58:44.959+0300","C":"logger/logger.go:80","M":"Request done","URI":"/api/shorten","method":"POST","duration":1555458,"response_status":201,"response_size":69}
{"L":"INFO","T":"2026-03-24T01:58:48.081+0300","C":"logger/logger.go:80","M":"Request done","URI":"/x5sh77TxwE","method":"GET","duration":55625,"response_status":307,"response_size":23}
{"L":"INFO","T":"2026-03-24T01:59:02.434+0300","C":"shortener/main.go:37","M":"Starting server","server address":"localhost:8080"}
{"L":"INFO","T":"2026-03-24T01:59:07.207+0300","C":"logger/logger.go:80","M":"Request done","URI":"/x5sh77TxwE","method":"GET","duration":165334,"response_status":307,"response_size":23}
